// Jest Snapshot v1, https://goo.gl/fbAQLP

exports[`App should render correctly 1`] = `
<div>
  <p>
    React here!
  </p>
</div>
`;
